<html>
<body>
<pre>
<h1>µVision Build Log</h1>
<h2>Tool Versions:</h2>
IDE-Version: ¦ÌVision V5.25.2.0
Copyright (C) 2018 ARM Ltd and ARM Germany GmbH. All rights reserved.
License Information: Garfield Lee, Sun, LIC=EPPLD-8YIMB-BXYUY-IFQEV-ZEPB9-1KHGT
 
Tool Versions:
Toolchain:       MDK-ARM Professional  Version: 5.25.2.0
Toolchain Path:  C:\Keil_v5\ARM\ARMCC\Bin
C Compiler:      Armcc.exe V5.06 update 6 (build 750)
Assembler:       Armasm.exe V5.06 update 6 (build 750)
Linker/Locator:  ArmLink.exe V5.06 update 6 (build 750)
Library Manager: ArmAr.exe V5.06 update 6 (build 750)
Hex Converter:   FromElf.exe V5.06 update 6 (build 750)
CPU DLL:         SARMCM3.DLL V5.25.2.0
Dialog DLL:      DCM.DLL V1.17.1.0
Target DLL:      STLink\ST-LINKIII-KEIL_SWO.dll V3.0.1.0
Dialog DLL:      TCM.DLL V1.35.1.0
 
<h2>Project:</h2>
D:\QQsave\1511425023\FileRecv\STM32-ILI9341ºÚ°×Æå\STM32-ILI9341ºÚ°×Æå\STM32_Exper13\MDK-ARM\STM32_Exper13.uvprojx
Project File Date:  06/07/2022

<h2>Output:</h2>
*** Using Compiler 'V5.06 update 6 (build 750)', folder: 'C:\Keil_v5\ARM\ARMCC\Bin'
Rebuild target 'STM32_Exper13'
assembling startup_stm32f103x6.s...
compiling sys.c...
compiling SPI.c...
compiling lcd.c...
compiling stm32f1xx_it.c...
compiling GUI.c...
compiling stm32f1xx_hal_msp.c...
compiling main.c...
../Src/main.c(80): warning:  #1295-D: Deprecated declaration showtable - give arg types
  void showtable();
../Src/main.c(81): warning:  #1295-D: Deprecated declaration cleartable - give arg types
  void cleartable();
../Src/main.c(82): warning:  #1295-D: Deprecated declaration judge - give arg types
  int judge();
../Src/main.c(87): warning:  #1295-D: Deprecated declaration confirm_wuzi - give arg types
  void confirm_wuzi();
../Src/main.c(88): warning:  #1295-D: Deprecated declaration up_wuzi - give arg types
  void up_wuzi();
../Src/main.c(89): warning:  #1295-D: Deprecated declaration down_wuzi - give arg types
  void down_wuzi();
../Src/main.c(90): warning:  #1295-D: Deprecated declaration left_wuzi - give arg types
  void left_wuzi();
../Src/main.c(91): warning:  #1295-D: Deprecated declaration right_wuzi - give arg types
  void right_wuzi();
../Src/main.c(92): warning:  #1295-D: Deprecated declaration showtable_wuzi - give arg types
  void showtable_wuzi();
../Src/main.c(93): warning:  #1295-D: Deprecated declaration resetnow - give arg types
  void resetnow();
../Src/main.c(94): warning:  #1295-D: Deprecated declaration confirm_liuzi - give arg types
  void confirm_liuzi();
../Src/main.c(95): warning:  #1295-D: Deprecated declaration up_liuzi - give arg types
  void up_liuzi();
../Src/main.c(96): warning:  #1295-D: Deprecated declaration down_liuzi - give arg types
  void down_liuzi();
../Src/main.c(97): warning:  #1295-D: Deprecated declaration left_liuzi - give arg types
  void left_liuzi();
../Src/main.c(98): warning:  #1295-D: Deprecated declaration right_liuzi - give arg types
  void right_liuzi();
../Src/main.c(102): warning:  #1295-D: Deprecated declaration cleartable_liuzi - give arg types
  void cleartable_liuzi();
../Src/main.c(103): warning:  #1295-D: Deprecated declaration judge_liuzi - give arg types
  int judge_liuzi();
../Src/main.c(104): warning:  #1295-D: Deprecated declaration showtable_liuzi - give arg types
  void showtable_liuzi();
../Src/main.c(106): warning:  #1295-D: Deprecated declaration a5_showtable - give arg types
  void a5_showtable();
../Src/main.c(107): warning:  #1295-D: Deprecated declaration a5_cleartable - give arg types
  void a5_cleartable();
../Src/main.c(108): warning:  #1295-D: Deprecated declaration a5_judge - give arg types
  int a5_judge();
../Src/main.c(109): warning:  #1295-D: Deprecated declaration a5_confirm - give arg types
  void a5_confirm();
../Src/main.c(110): warning:  #1295-D: Deprecated declaration a5_up - give arg types
  void a5_up();
../Src/main.c(111): warning:  #1295-D: Deprecated declaration a5_left - give arg types
  void a5_left();
../Src/main.c(112): warning:  #1295-D: Deprecated declaration a5_right - give arg types
  void a5_right();
../Src/main.c(113): warning:  #1295-D: Deprecated declaration a5_down - give arg types
  void a5_down();
../Src/main.c(123): warning:  #1295-D: Deprecated declaration a21_printvalue - give arg types
  void a21_printvalue();
../Src/main.c(126): warning:  #1295-D: Deprecated declaration a21_showtable - give arg types
  void a21_showtable();
../Src/main.c(127): warning:  #1295-D: Deprecated declaration a21_right - give arg types
  void a21_right();
../Src/main.c(1043): warning:  #177-D: variable "i"  was declared but never referenced
  	int i = 0, j = 0;
../Src/main.c(1043): warning:  #177-D: variable "j"  was declared but never referenced
  	int i = 0, j = 0;
../Src/main.c(1889): warning:  #177-D: variable "newx"  was declared but never referenced
  	int newx=30;
../Src/main.c(1890): warning:  #177-D: variable "newy"  was declared but never referenced
  	int newy=180;
../Src/main.c: 33 warnings, 0 errors
compiling stm32f1xx_hal_spi_ex.c...
compiling stm32f1xx_hal_gpio_ex.c...
compiling stm32f1xx_hal_tim_ex.c...
compiling stm32f1xx_hal_tim.c...
compiling stm32f1xx_hal.c...
compiling stm32f1xx_hal_spi.c...
compiling stm32f1xx_hal_rcc.c...
compiling stm32f1xx_hal_cortex.c...
compiling stm32f1xx_hal_rcc_ex.c...
compiling stm32f1xx_hal_gpio.c...
compiling stm32f1xx_hal_pwr.c...
compiling stm32f1xx_hal_dma.c...
compiling stm32f1xx_hal_flash.c...
compiling stm32f1xx_hal_flash_ex.c...
compiling system_stm32f1xx.c...
linking...
Program Size: Code=16500 RO-data=3252 RW-data=120 ZI-data=3400  
FromELF: creating hex file...
"STM32_Exper13\STM32_Exper13.axf" - 0 Error(s), 33 Warning(s).

<h2>Software Packages used:</h2>

Package Vendor: ARM
                http://www.keil.com/pack/ARM.CMSIS.5.3.0.pack
                ARM.CMSIS.5.3.0
                CMSIS (Cortex Microcontroller Software Interface Standard)
   * Component: CORE Version: 5.1.1

Package Vendor: Keil
                http://www.keil.com/pack/Keil.STM32F1xx_DFP.2.3.0.pack
                Keil.STM32F1xx_DFP.2.3.0
                STMicroelectronics STM32F1 Series Device Support, Drivers and Examples

<h2>Collection of Component include folders:</h2>
  .\RTE\_STM32_Exper13
  C:\Keil_v5\ARM\PACK\ARM\CMSIS\5.3.0\CMSIS\Include
  C:\Keil_v5\ARM\PACK\Keil\STM32F1xx_DFP\2.3.0\Device\Include

<h2>Collection of Component Files used:</h2>

   * Component: ARM::CMSIS:CORE:5.1.1
Build Time Elapsed:  00:00:05
</pre>
</body>
</html>
